// Jest Snapshot v1, https://goo.gl/fbAQLP

exports[`Container Component should render the component 1`] = `
<div
  className="lsux-container lsux-container--white"
/>
`;

exports[`Container Component should render the component 2`] = `
<div
  className="lsux-container lsux-container--white"
/>
`;
