// Jest Snapshot v1, https://goo.gl/fbAQLP

exports[`Radio Component should render the component 1`] = `
<label
  className="lsux-rb-container"
>
  <input
    name="test-radio"
    type="radio"
  />
  <div
    className="lsux-rb-container__rb"
  />
</label>
`;
