// Jest Snapshot v1, https://goo.gl/fbAQLP

exports[`Footer Component should render the component 1`] = `
<div
  className="lsux-footer lsux-footer-right"
/>
`;
