// Jest Snapshot v1, https://goo.gl/fbAQLP

exports[`Popover Component should render the component 1`] = `
<div
  className="p-4 lsux-popover top top50 shadow400-bottom"
>
  <ForwardRef(TextComponent)
    as="p"
    text="I am a text child"
  />
</div>
`;
