// Jest Snapshot v1, https://goo.gl/fbAQLP

exports[`ProfilePicture Component should render the component 1`] = `
<div>
  <ProfilePicture
    onCropConfirm={[Function]}
    profileImageUrl="https://img.huffingtonpost.com/asset/5ab4d4ac2000007d06eb2c56.jpeg?cache=sih0jwle4e&ops=1910_1000"
    shape="round"
  />
</div>
`;
